Running Gradle task 'assembleDebug'...                          
flutter : 
At line:1 char:1
+ flutter build apk 
--debug --no-pub > 
build_output.txt 2>&1; cat 
build ...
+ ~~~~~~~~~~~~~~~~~~~~~~~~~
~~~~~~~~~~~~~~~~~~~~~~~~~~~
~~~~~~
    + CategoryInfo         
     : NotSpecified: (:St  
  ring) [], RemoteExcept   
 ion
    + FullyQualifiedErrorI 
   d : NativeCommandError
 
FAILURE: Build failed with 
an exception.

* Where:
Build file 'C:\Users\prana\
OneDrive\Documents\GitHub\w
wc\android\app\build.gradle
' line: 2

* What went wrong:
An exception occurred 
applying plugin request 
[id: 
'com.android.application']
> Failed to apply plugin 'c
om.android.internal.version
-check'.
   > Minimum supported 
Gradle version is 8.9. 
Current version is 8.7. If 
using the gradle wrapper, 
try editing the 
distributionUrl in C:\Users
\prana\OneDrive\Documents\G
itHub\wwc\android\gradle\wr
apper\gradle-wrapper.proper
ties to gradle-8.9-all.zip

* Try:
> Run with --stacktrace 
option to get the stack 
trace.
> Run with --info or 
--debug option to get more 
log output.
> Run with --scan to get 
full insights.
> Get more help at 
https://help.gradle.org.

BUILD FAILED in 1s
Running Gradle task 'assembleDebug'...                           2,221ms
Gradle task assembleDebug 
failed with exit code 1
